1757661595: mosquitto version 2.0.22 starting
1757661595: Config loaded from /mosquitto/config/mosquitto.conf.
1757661595: Opening ipv4 listen socket on port 1883.
1757661595: Opening ipv6 listen socket on port 1883.
1757661595: Opening websockets listen socket on port 9001.
1757661595: mosquitto version 2.0.22 running
1757661610: mosquitto version 2.0.22 terminating
1757661610: Saving in-memory database to /mosquitto/data//mosquitto.db.
1757661611: mosquitto version 2.0.22 starting
1757661611: Config loaded from /mosquitto/config/mosquitto.conf.
1757661611: Opening ipv4 listen socket on port 1883.
1757661611: Opening ipv6 listen socket on port 1883.
1757661611: Opening websockets listen socket on port 9001.
1757661611: mosquitto version 2.0.22 running
1757661621: mosquitto version 2.0.22 terminating
1757661621: Saving in-memory database to /mosquitto/data//mosquitto.db.
1757661621: mosquitto version 2.0.22 starting
1757661621: Config loaded from /mosquitto/config/mosquitto.conf.
1757661621: Opening ipv4 listen socket on port 1883.
1757661621: Opening ipv6 listen socket on port 1883.
1757661621: Opening websockets listen socket on port 9001.
1757661621: mosquitto version 2.0.22 running
1757661826: mosquitto version 2.0.22 terminating
1757661826: Saving in-memory database to /mosquitto/data//mosquitto.db.
1757661826: mosquitto version 2.0.22 starting
1757661826: Config loaded from /mosquitto/config/mosquitto.conf.
1757661826: Opening ipv4 listen socket on port 1883.
1757661826: Opening ipv6 listen socket on port 1883.
1757661826: Opening websockets listen socket on port 9001.
1757661826: mosquitto version 2.0.22 running
1757663626: Saving in-memory database to /mosquitto/data//mosquitto.db.
1757665478: mosquitto version 2.0.22 terminating
1757665478: Saving in-memory database to /mosquitto/data//mosquitto.db.
1757665779: mosquitto version 2.0.22 starting
1757665779: Config loaded from /mosquitto/config/mosquitto.conf.
1757665779: Opening ipv4 listen socket on port 1883.
1757665779: Opening ipv6 listen socket on port 1883.
1757665779: Opening websockets listen socket on port 9001.
1757665779: mosquitto version 2.0.22 running
1757667580: Saving in-memory database to /mosquitto/data//mosquitto.db.
1757667957: mosquitto version 2.0.22 terminating
1757667957: Saving in-memory database to /mosquitto/data//mosquitto.db.
1757670938: mosquitto version 2.0.22 starting
1757670938: Config loaded from /mosquitto/config/mosquitto.conf.
1757670938: Opening ipv4 listen socket on port 1883.
1757670938: Opening ipv6 listen socket on port 1883.
1757670938: Opening websockets listen socket on port 9001.
1757670938: mosquitto version 2.0.22 running
1757671233: mosquitto version 2.0.22 terminating
1757671233: Saving in-memory database to /mosquitto/data//mosquitto.db.
1757671259: mosquitto version 2.0.22 starting
1757671259: Config loaded from /mosquitto/config/mosquitto.conf.
1757671259: Opening ipv4 listen socket on port 1883.
1757671259: Opening ipv6 listen socket on port 1883.
1757671259: Opening websockets listen socket on port 9001.
1757671259: mosquitto version 2.0.22 running
1757671478: mosquitto version 2.0.22 terminating
1757671478: Saving in-memory database to /mosquitto/data//mosquitto.db.
1757671485: mosquitto version 2.0.22 starting
1757671485: Config loaded from /mosquitto/config/mosquitto.conf.
1757671485: Opening ipv4 listen socket on port 1883.
1757671485: Opening ipv6 listen socket on port 1883.
1757671485: Opening websockets listen socket on port 9001.
1757671485: mosquitto version 2.0.22 running
1757671598: mosquitto version 2.0.22 terminating
1757671598: Saving in-memory database to /mosquitto/data//mosquitto.db.
1757671604: mosquitto version 2.0.22 starting
1757671604: Config loaded from /mosquitto/config/mosquitto.conf.
1757671604: Opening ipv4 listen socket on port 1883.
1757671604: Opening ipv6 listen socket on port 1883.
1757671604: Opening websockets listen socket on port 9001.
1757671604: mosquitto version 2.0.22 running
1757671659: mosquitto version 2.0.22 terminating
1757671659: Saving in-memory database to /mosquitto/data//mosquitto.db.
